// Vitest Snapshot v1, https://vitest.dev/guide/snapshot.html

exports[`generateThemedCode snapshots — BRAND_PALETTES × SIMPLE_DIAGRAM > palette "AskJamie" (id: askjamie) matches snapshot 1`] = `
"%%{init: {"theme": "base", "themeVariables": {"primaryColor": "#fdfbf7", "primaryTextColor": "#2e2b29", "primaryBorderColor": "#2d6f7e", "lineColor": "#2d6f7e", "secondaryColor": "#f6f2ee", "secondaryTextColor": "#2e2b29", "secondaryBorderColor": "#2d6f7e", "tertiaryColor": "#e1ecef", "tertiaryTextColor": "#2e2b29", "tertiaryBorderColor": "#2d6f7e", "textColor": "#2e2b29", "background": "#f6f2ee", "mainBkg": "#fdfbf7", "nodeBorder": "#2d6f7e", "clusterBkg": "#e8f4f7", "titleColor": "#2d6f7e", "edgeLabelBackground": "#f6f2ee", "fontFamily": "Open Sans, system-ui, sans-serif"}}}%%
flowchart TD
  A[User Request] --> B[Validate Input]
  B --> C[Return Response]"
`;

exports[`generateThemedCode snapshots — BRAND_PALETTES × SIMPLE_DIAGRAM > palette "Glee-fully" (id: glee-fully) matches snapshot 1`] = `
"%%{init: {"theme": "base", "themeVariables": {"primaryColor": "#fffdfa", "primaryTextColor": "#2e2b29", "primaryBorderColor": "#d94f63", "lineColor": "#d94f63", "secondaryColor": "#f6f2ee", "secondaryTextColor": "#2e2b29", "secondaryBorderColor": "#d94f63", "tertiaryColor": "#e5d9ce", "tertiaryTextColor": "#2e2b29", "tertiaryBorderColor": "#d94f63", "textColor": "#2e2b29", "background": "#fff7f1", "mainBkg": "#fffdfa", "nodeBorder": "#d94f63", "clusterBkg": "#f9f3ef", "titleColor": "#d94f63", "edgeLabelBackground": "#fff7f1", "fontFamily": "Open Sans, system-ui, sans-serif"}}}%%
flowchart TD
  A[User Request] --> B[Validate Input]
  B --> C[Return Response]"
`;

exports[`generateThemedCode snapshots — BRAND_PALETTES × SIMPLE_DIAGRAM > palette "OKHP3" (id: overkill-hill) matches snapshot 1`] = `
"%%{init: {"theme": "base", "themeVariables": {"primaryColor": "#111827", "primaryTextColor": "#e5e7eb", "primaryBorderColor": "#c46a2c", "lineColor": "#c46a2c", "secondaryColor": "#181f26", "secondaryTextColor": "#e5e7eb", "secondaryBorderColor": "#c46a2c", "tertiaryColor": "#1c3a34", "tertiaryTextColor": "#e5e7eb", "tertiaryBorderColor": "#c46a2c", "textColor": "#e5e7eb", "background": "#111827", "mainBkg": "#111827", "nodeBorder": "#c46a2c", "clusterBkg": "#0d1117", "titleColor": "#c46a2c", "edgeLabelBackground": "#181f26", "fontFamily": "DM Sans, system-ui, sans-serif"}}}%%
flowchart TD
  A[User Request] --> B[Validate Input]
  B --> C[Return Response]"
`;
